// Jest Snapshot v1, https://goo.gl/fbAQLP

exports[`Tag component renders Tag 1`] = `
<div>
  <button
    className="button"
    onClick={[Function]}
    style={
      Object {
        "alignItems": "center",
        "background": "white",
        "border": "none",
        "display": "flex",
        "fontSize": ".8rem",
        "justifyContent": "space-evenly",
        "lineHeigth": "18px",
        "padding": "8px 8px",
        "textTransform": "uppercase",
        "width": "140px",
      }
    }
  >
    <p>
      Science
    </p>
  </button>
</div>
`;
