// Jest Snapshot v1, https://goo.gl/fbAQLP

exports[`Tag component renders Tag 1`] = `
<div>
  <button
    className="button"
    onClick={[Function]}
  >
    <div
      style={
        Object {
          "background": "FFF",
          "height": "13px",
          "marginRight": "20px",
          "width": "35px",
        }
      }
    />
    <p>
      Science
    </p>
  </button>
</div>
`;
