// Jest Snapshot v1, https://goo.gl/fbAQLP

exports[`TagsList component renders TagsList 1`] = `
<div
  className="TagsList"
>
  <ul>
    <li
      key="erereet"
    >
      <Tag
        color="werwer"
        fetchByCategory={[Function]}
        isSelected={false}
        name="art"
        setSelectedTag={[Function]}
      />
    </li>
  </ul>
</div>
`;
