// Jest Snapshot v1, https://goo.gl/fbAQLP

exports[`CollectionItem component renders CollectionItem 1`] = `
<div
  className="bodyContainer"
>
  <div
    className="container"
  >
    <div
      className="card"
    >
      <div
        className="text"
      >
        <Link
          to="/collection/delete"
        >
          <h3>
            Title
          </h3>
          <p>
            description
          </p>
        </Link>
      </div>
      <div
        className="deleteButton"
      >
        <button
          onClick={[Function]}
        >
          ✗
        </button>
      </div>
    </div>
  </div>
</div>
`;
