// Jest Snapshot v1, https://goo.gl/fbAQLP

exports[`NewsItem component renders NewsItem 1`] = `
<div>
  <div>
    <h3>
      title
    </h3>
  </div>
  <div>
    <p>
      description
    </p>
  </div>
  <div>
    <p>
      Author: 
      author
    </p>
  </div>
  <div>
    <p>
      Published: 
      date
    </p>
  </div>
  <div>
    <img
      src="image"
    />
  </div>
  <div>
    <a
      href="sourcelink"
    >
      Full Article at 
      sourcename
    </a>
  </div>
  <div>
    <div
      style={
        Object {
          "background": "tagColor",
          "height": "100px",
          "width": "100x",
        }
      }
    />
  </div>
</div>
`;
