// Jest Snapshot v1, https://goo.gl/fbAQLP

exports[`NewsItem component renders NewsItem 1`] = `
<div
  className="container"
>
  <div
    style={
      Object {
        "background": "tagColor",
        "height": "170px",
        "width": "30px",
      }
    }
  />
  <div
    className="imageContainer"
  >
    <img
      src="image"
    />
  </div>
  <div
    className="titleContainer"
  >
    <h3>
      title
    </h3>
    <p>
      description
    </p>
    <div
      className="links"
    >
      <p>
        Published: 
        date
      </p>
      <p>
        Author: 
        author
      </p>
      <a
        href="sourcelink"
      >
        Full Article at 
        sourcename
      </a>
    </div>
  </div>
</div>
`;
