// Jest Snapshot v1, https://goo.gl/fbAQLP

exports[`ModalContent component renders ModalContent 1`] = `
<div>
  <button
    onClick={[Function]}
  >
    Got it X
  </button>
  <h2>
    Hello 
    Carlos
  </h2>
  <section>
    <p>
      Will need to write a description here about what the collections page is for and how to navigate the trending and search pages to create collections.
    </p>
  </section>
</div>
`;
