// Jest Snapshot v1, https://goo.gl/fbAQLP

exports[`NewsListCollected component renders NewsListCollected 1`] = `
<ul
  className="container"
>
  <li
    key="sourceLink"
  >
    <NewsItemCollected
      article={
        Object {
          "description": "description",
          "publishedAt": "date",
          "source": Object {
            "id": "ddgdgd",
            "name": "name",
          },
          "title": "Title",
          "url": "sourceLink",
          "urlToImage": "image url",
        }
      }
    />
  </li>
</ul>
`;
