// Jest Snapshot v1, https://goo.gl/fbAQLP

exports[`NewsViewToggle component renders NewsViewToggle 1`] = `
<span>
  <NavLink
    activeStyle={
      Object {
        "background": "red",
        "color": "white",
        "fontWeight": "bold",
      }
    }
    to="/trending"
  >
    Trending
  </NavLink>
  <NavLink
    activeStyle={
      Object {
        "background": "red",
        "color": "white",
        "fontWeight": "bold",
      }
    }
    to="/myNews"
  >
    My News
  </NavLink>
</span>
`;
